// Jest Snapshot v1, https://goo.gl/fbAQLP

exports[`Post Item renders correctly 1`] = `
.c0 {
  width: 19rem;
  box-shadow: rgba(0,0,0,0.096) 0px 2px 10px 0px;
  display: -webkit-box;
  display: -webkit-flex;
  display: -ms-flexbox;
  display: flex;
  -webkit-flex-direction: column;
  -ms-flex-direction: column;
  flex-direction: column;
  background: #ffff;
  border-radius: 5px;
  -webkit-transition: box-shadow 0.25s ease-in 0s,-webkit-transform 0.25s ease-in 0s;
  -webkit-transition: box-shadow 0.25s ease-in 0s,transform 0.25s ease-in 0s;
  transition: box-shadow 0.25s ease-in 0s,transform 0.25s ease-in 0s;
  margin: 1rem;
  overflow: hidden;
  position: relative;
  border-radius: 5px;
}

.c1 {
  display: -webkit-box;
  display: -webkit-flex;
  display: -ms-flexbox;
  display: flex;
  -webkit-flex-direction: column;
  -ms-flex-direction: column;
  flex-direction: column;
  padding: 1rem;
  width: 100%;
  position: relative;
  height: 100%;
  cursor: pointer;
}

.c2 {
  margin: 0;
  width: 100%;
  color: black;
  font-size: 1rem;
  font-weight: 600;
  line-height: 1.5;
  display: -webkit-box;
  -webkit-line-clamp: 2;
  -webkit-box-orient: vertical;
  overflow: hidden;
  text-overflow: ellipsis;
}

.c3 {
  color: #777;
  font-size: 0.8rem;
  font-weight: 400;
  line-height: 1.5;
  text-overflow: ellipsis;
  word-break: break-all;
  display: -webkit-box;
  -webkit-line-clamp: 4;
  -webkit-box-orient: vertical;
  overflow: hidden;
  margin-bottom: 1rem;
  margin-top: 0.3rem;
}

.c4 {
  display: block;
  color: #bdbdbd;
  font-size: 0.8rem;
  line-height: 1.5;
}

.c5 {
  border-top: #dfdfdf85 1px solid;
  padding: 0rem 1rem;
}

.c6 {
  display: -webkit-box;
  display: -webkit-flex;
  display: -ms-flexbox;
  display: flex;
  -webkit-align-items: center;
  -webkit-box-align: center;
  -ms-flex-align: center;
  align-items: center;
  margin: 0.3rem 0;
  font-size: 1rem;
  color: #777;
}

.c7 {
  margin-right: 1rem;
  margin-left: 0.2rem;
  font-size: 0.85rem;
  color: #a0a0a0;
}

@media only screen and (max-width:1250px) {
  .c0 {
    width: calc(50% - 2rem);
  }
}

@media only screen and (max-width:767px) {
  .c0 {
    width: 100%;
  }
}

@media only screen and (max-width:767px) {
  .c2 {
    white-space: initial;
  }
}

<div>
  <div
    class="notification-container notification-container-empty"
  >
    <div />
  </div>
  <div
    class="c0"
  >
    
    <a
      href="/post/1"
      style="display: flex; height: 100%;"
    >
      <div
        class="c1"
      >
        <h4
          class="c2"
        >
          Testing
          <div
            class="c3"
          >
            This is Testing Post
          </div>
        </h4>
        <span
          class="c4"
          title="2020년 01월 01일 00시 00분"
        >
          1년 전
        </span>
      </div>
    </a>
    <div
      class="c5"
    >
      <div
        class="c6"
      >
        <svg
          fill="currentColor"
          height="1em"
          stroke="currentColor"
          stroke-width="0"
          viewBox="0 0 1024 1024"
          width="1em"
          xmlns="http://www.w3.org/2000/svg"
        >
          <path
            d="M942.2 486.2C847.4 286.5 704.1 186 512 186c-192.2 0-335.4 100.5-430.2 300.3a60.3 60.3 0 0 0 0 51.5C176.6 737.5 319.9 838 512 838c192.2 0 335.4-100.5 430.2-300.3 7.7-16.2 7.7-35 0-51.5zM512 766c-161.3 0-279.4-81.8-362.7-254C232.6 339.8 350.7 258 512 258c161.3 0 279.4 81.8 362.7 254C791.5 684.2 673.4 766 512 766zm-4-430c-97.2 0-176 78.8-176 176s78.8 176 176 176 176-78.8 176-176-78.8-176-176-176zm0 288c-61.9 0-112-50.1-112-112s50.1-112 112-112 112 50.1 112 112-50.1 112-112 112z"
          />
        </svg>
        <span
          class="c7"
        >
          1
        </span>
        <svg
          fill="currentColor"
          height="1em"
          stroke="currentColor"
          stroke-width="0"
          viewBox="0 0 16 16"
          width="1em"
          xmlns="http://www.w3.org/2000/svg"
        >
          <path
            d="M15 1H6c-.55 0-1 .45-1 1v2H1c-.55 0-1 .45-1 1v6c0 .55.45 1 1 1h1v3l3-3h4c.55 0 1-.45 1-1V9h1l3 3V9h1c.55 0 1-.45 1-1V2c0-.55-.45-1-1-1zM9 11H4.5L3 12.5V11H1V5h4v3c0 .55.45 1 1 1h3v2zm6-3h-2v1.5L11.5 8H6V2h9v6z"
            fill-rule="evenodd"
          />
        </svg>
        <span
          class="c7"
        >
          1
        </span>
      </div>
    </div>
  </div>
</div>
`;
