// Jest Snapshot v1, https://goo.gl/fbAQLP

exports[`Footer matches snapshot 1`] = `
.c0 {
  display: -webkit-box;
  display: -webkit-flex;
  display: -ms-flexbox;
  display: flex;
  -webkit-align-items: center;
  -webkit-box-align: center;
  -ms-flex-align: center;
  align-items: center;
  -webkit-box-pack: center;
  -webkit-justify-content: center;
  -ms-flex-pack: center;
  justify-content: center;
  padding: 2rem;
}

.c1 {
  display: -webkit-box;
  display: -webkit-flex;
  display: -ms-flexbox;
  display: flex;
  -webkit-align-items: center;
  -webkit-box-align: center;
  -ms-flex-align: center;
  align-items: center;
  -webkit-box-pack: center;
  -webkit-justify-content: center;
  -ms-flex-pack: center;
  justify-content: center;
}

.c1 > a {
  -webkit-text-decoration: none;
  text-decoration: none;
  color: #777;
  font-size: 0.9rem;
}

.c2 {
  color: #464646 !important;
  margin-left: 1rem;
  display: inline-block;
}

@media only screen and (max-width:500px) {
  .c1 {
    -webkit-flex-direction: column;
    -ms-flex-direction: column;
    flex-direction: column;
  }
}

@media only screen and (max-width:500px) {
  .c2 {
    margin-left: 0;
  }
}

<div>
  <div
    class="notification-container notification-container-empty"
  >
    <div />
  </div>
  <footer
    class="c0"
  >
    <div
      class="c1"
    >
      <a
        href="https://github.com/Sh031224"
        rel="noopener"
        target="_blank"
      >
        © 2020. Sh031224. All rights reserved.
      </a>
      <a
        href="/privacy"
      >
        <div
          class="c2"
        >
          개인정보 처리방침
        </div>
      </a>
    </div>
  </footer>
</div>
`;
